[sertecspa.webnode.cl/index.html]
[backblue.gif]
[fade.gif]
[index.html]
[sertecspa.webnode.cl/index.html]
[d1di2lzuh97fh2.cloudfront.net/files/1j/1j3/1j3767.105c0.delayed]
[fonts.gstatic.com/index.html]
[d1di2lzuh97fh2.cloudfront.net/files/07/07f/07fzq8.005c0.delayed]
[d1di2lzuh97fh2.cloudfront.net/files/1j/1jw/1jwyl105c0.css]
[d1di2lzuh97fh2.cloudfront.net/files/11/11x/11x3tf05c0.css]
[d1di2lzuh97fh2.cloudfront.net/files/00/00f/00fv3r05c0.css]
[d1di2lzuh97fh2.cloudfront.net/files/1v/1vx/1vxxzl05c0.css]
[d1di2lzuh97fh2.cloudfront.net/files/2v/2vn/2vnt3c05c0.css]
[d1di2lzuh97fh2.cloudfront.net/files/0s/0so/0soveu05c0.css]
[d1di2lzuh97fh2.cloudfront.net/files/0s/0sn/0sndbj05c0.css]
[d1di2lzuh97fh2.cloudfront.net/files/33/337/337oen05c0.css]
[d1di2lzuh97fh2.cloudfront.net/files/2f/2fj/2fjerr05c0.css]
[d1di2lzuh97fh2.cloudfront.net/files/3p/3pq/3pq60x.png]
[d1di2lzuh97fh2.cloudfront.net/client/js.polyfill/container-query-polyfill.modern.js]
[d1di2lzuh97fh2.cloudfront.net/files/0d/0ds/0dscwu05c0.css]
[fonts.gstatic.com/s/abrilfatface/v12/zOL64pLDlL1D99S8g8PtiKchq-lmjdLh.e.delayed]
